 Enter run name : checking files
 Reading reference file from : discspec.ref                                                                                        
 Runname : discspec.ref                                                                                        
 NPRO, NVMR :           20           6
 Reading reference file from : discspec.ref                                                                                        
 Files OK T
 Nemesis - corr-k calculation
 iform1 =            1
 percbool =  F
 lin =            0
 wavesetb: nwave =           17
           1          17          17
 Reading in            1  variables
 Total number of variables (nx) :            1
 coreret: Checking can invert Sa
 dinvertm: Cholesky decomposition
 dinvertm.f: Matrix inversion OK
 Calling setifix
 j,ifix(j) :            1           1
 Calling forwardavfovX - B
 Reading reference file from : discspec.ref                                                                                        
 forwardavfovX: jsurf,jalb,jtan,jpre          -1          -1          -1          -1
 Warning from nemesis/setup.f. Surface temperature must
 be greater than 0.0 for some parts of code that deal
 with sensitivity to surface temperature
 ForwardavfovX. Spectrum            1  of            1
 gsetrad, lin =            0
 NLATREF =            1
 Snapping to first latitude
 XX. ISCALE =            1           1           1           1           1           1
 XhydrostatH: JZERO =            1
 XhydrostatH: JZERO =            1
  
 IPAR =            1
 ISCALE :            0           1           1           1           1           1
 IERR  =            0
 XhydrostatH: JZERO =            1
 gsetrad -            1           1
 gsetrad - iflagcloud,iflagsrom =  F           0
 gsetrad - cbflag, iflagcb =  F           0
 AA ISCAT =            0
  RDMOD.f :: reading model: discspec.prf                                                                                        
 RDMOD: AMFORM =            1
  RDDMOD.f :: reading dust-model: aerosol.prf                                                                                         
  RDDMOD.f :: dust-model has            1  aerosol types
 Check_profile called
 Checking : discspec.sca                                                                                        
 icheck =            0
 Reading reference file from : discspec.ref                                                                                        
 CIRSRTFG_WAVE - ILBL =            0
  
  SUBPATHG.f :: iconv =           24
  SUBPATHG.f :: vmin =    1.14250004     , vmax =    4.50000000    
  SUBPATHG.f :: delv =   0.209843755     , fwhm =    0.00000000    
  SUBPATHG.f :: wing =    0.00000000     , vrel =    0.00000000    
  SUBPATHG.f :: reading spectral data from:  DISCSPEC.KLS                                                                                       
  RDMOD.f :: reading model: discspec.prf                                                                                        
 RDMOD: AMFORM =            1
  RDDMOD.f :: reading dust-model: aerosol.prf                                                                                         
  RDDMOD.f :: dust-model has            1  aerosol types
 radius layer=   74065.7031    
  LAYERG.f :: Number of dust types:            1
  LAYERG.f :: Dust type =            1
  LAYERG.f :: Total number/cm2 for path=    0.00000000    

Klist filename: discspec.kls                                                                                        
      CALLING read_klist
 klist file : discspec.kls                                                                                        
  READ_KLIST.f :: Number of k-files =            4
      read_klist COMPLETE
  
 Reading_xsec: X-section file : discspec.xsc                                                                                        
 Ncont is           1
 get_xsec: read_xsec OK
 nsec1 =           20
 NPATH =            1
  
  Waiting for CIRSradg_wave etal to complete ...
  Percent Complete =    0.00000000    
 ciaread. Reading File = /Users/jingxuanyang/radtrancode/raddata/exocia_hitran12_200-3800K.tab                               
 ciaread : New Data read in
  Percent Complete =    10.0000000    
  Percent Complete =    20.0000000    
  Percent Complete =    30.0000000    
  Percent Complete =    40.0000000    
  Percent Complete =    50.0000000    
  Percent Complete =    60.0000000    
  Percent Complete =    70.0000000    
  Percent Complete =    80.0000000    
  Percent Complete =    90.0000000    
  Percent Complete =    100.000000    
 ForwardavfovX: Npath,sol_ang,emiss_ang =            1   139.065094       63.4348984    
           1   6.90980032E-02   3.45022214E-04   2.38403463E-05   2.38403463E-05
           2   6.90980032E-02   3.32130759E-04   2.29495727E-05   2.29495727E-05
           3   6.90980032E-02   5.25165582E-04   3.62878927E-05   3.62878927E-05
           4   6.90980032E-02   7.82487681E-04   5.40683359E-05   5.40683359E-05
           5   6.90980032E-02   8.59210035E-04   5.93696968E-05   5.93696968E-05
           6   6.90980032E-02   6.05333655E-04   4.18273485E-05   4.18273485E-05
           7   6.90980032E-02   2.51052115E-04   1.73471999E-05   1.73471999E-05
           8   6.90980032E-02   1.89955244E-04   1.31255283E-05   1.31255283E-05
           9   6.90980032E-02   1.93584565E-04   1.33763069E-05   1.33763069E-05
          10   6.90980032E-02   2.34083156E-04   1.61746793E-05   1.61746793E-05
          11   6.90980032E-02   3.00977234E-04   2.07969260E-05   2.07969260E-05
          12   6.90980032E-02   3.97440454E-04   2.74623417E-05   2.74623417E-05
          13   6.90980032E-02   4.94258013E-04   3.41522427E-05   3.41522427E-05
          14   6.90980032E-02   4.64470097E-04   3.20939580E-05   3.20939580E-05
          15   6.90980032E-02   3.20027582E-04   2.21132668E-05   2.21132668E-05
          16   6.90980032E-02   1.74685591E-03   1.20704259E-04   1.20704259E-04
          17   6.90980032E-02   3.13565671E-03   2.16667613E-04   2.16667613E-04
 gsetrad, lin =            0
 NLATREF =            1
 Snapping to first latitude
 XX. ISCALE =            1           1           1           1           1           1
 XhydrostatH: JZERO =            1
 XhydrostatH: JZERO =            1
  
 IPAR =            1
 ISCALE :            0           1           1           1           1           1
 IERR  =            0
 XhydrostatH: JZERO =            1
 gsetrad -            1           1
 gsetrad - iflagcloud,iflagsrom =  F           0
 gsetrad - cbflag, iflagcb =  F           0
 AA ISCAT =            0
  RDMOD.f :: reading model: discspec.prf                                                                                        
 RDMOD: AMFORM =            1
  RDDMOD.f :: reading dust-model: aerosol.prf                                                                                         
  RDDMOD.f :: dust-model has            1  aerosol types
 Check_profile called
 Checking : discspec.sca                                                                                        
 icheck =            0
 Reading reference file from : discspec.ref                                                                                        
 CIRSRTFG_WAVE - ILBL =            0
  
  SUBPATHG.f :: iconv =           24
  SUBPATHG.f :: vmin =    1.14250004     , vmax =    4.50000000    
  SUBPATHG.f :: delv =   0.209843755     , fwhm =    0.00000000    
  SUBPATHG.f :: wing =    0.00000000     , vrel =    0.00000000    
  SUBPATHG.f :: reading spectral data from:  DISCSPEC.KLS                                                                                       
  RDMOD.f :: reading model: discspec.prf                                                                                        
 RDMOD: AMFORM =            1
  RDDMOD.f :: reading dust-model: aerosol.prf                                                                                         
  RDDMOD.f :: dust-model has            1  aerosol types
 radius layer=   74065.7031    
  LAYERG.f :: Number of dust types:            1
  LAYERG.f :: Dust type =            1
  LAYERG.f :: Total number/cm2 for path=    0.00000000    

Klist filename: discspec.kls                                                                                        
      CALLING read_klist
 klist file : discspec.kls                                                                                        
  READ_KLIST.f :: Number of k-files =            4
      read_klist COMPLETE
  
 Reading_xsec: X-section file : discspec.xsc                                                                                        
 Ncont is           1
 get_xsec: read_xsec OK
 nsec1 =           20
 NPATH =            1
  
  Waiting for CIRSradg_wave etal to complete ...
  Percent Complete =    0.00000000    
  Percent Complete =    10.0000000    
  Percent Complete =    20.0000000    
  Percent Complete =    30.0000000    
  Percent Complete =    40.0000000    
  Percent Complete =    50.0000000    
  Percent Complete =    60.0000000    
  Percent Complete =    70.0000000    
  Percent Complete =    80.0000000    
  Percent Complete =    90.0000000    
  Percent Complete =    100.000000    
 ForwardavfovX: Npath,sol_ang,emiss_ang =            1   133.636703       63.4348984    
           1  0.138197005       3.45022214E-04   4.76810383E-05   7.15213828E-05
           2  0.138197005       3.32130759E-04   4.58994764E-05   6.88490472E-05
           3  0.138197005       5.25165582E-04   7.25763093E-05   1.08864202E-04
           4  0.138197005       7.82487681E-04   1.08137450E-04   1.62205790E-04
           5  0.138197005       8.59210035E-04   1.18740252E-04   1.78109942E-04
           6  0.138197005       6.05333655E-04   8.36553008E-05   1.25482649E-04
           7  0.138197005       2.51052115E-04   3.46946508E-05   5.20418507E-05
           8  0.138197005       1.89955244E-04   2.62512458E-05   3.93767732E-05
           9  0.138197005       1.93584565E-04   2.67528067E-05   4.01291145E-05
          10  0.138197005       2.34083156E-04   3.23495915E-05   4.85242708E-05
          11  0.138197005       3.00977234E-04   4.15941504E-05   6.23910746E-05
          12  0.138197005       3.97440454E-04   5.49250799E-05   8.23874216E-05
          13  0.138197005       4.94258013E-04   6.83049802E-05   1.02457227E-04
          14  0.138197005       4.64470097E-04   6.41883744E-05   9.62823324E-05
          15  0.138197005       3.20027582E-04   4.42268538E-05   6.63401224E-05
          16  0.138197005       1.74685591E-03   2.41410249E-04   3.62114515E-04
          17  0.138197005       3.13565671E-03   4.33338369E-04   6.50005997E-04
 gsetrad, lin =            0
 NLATREF =            1
 Snapping to first latitude
 XX. ISCALE =            1           1           1           1           1           1
 XhydrostatH: JZERO =            1
 XhydrostatH: JZERO =            1
  
 IPAR =            1
 ISCALE :            0           1           1           1           1           1
 IERR  =            0
 XhydrostatH: JZERO =            1
 gsetrad -            1           1
 gsetrad - iflagcloud,iflagsrom =  F           0
 gsetrad - cbflag, iflagcb =  F           0
 AA ISCAT =            0
  RDMOD.f :: reading model: discspec.prf                                                                                        
 RDMOD: AMFORM =            1
  RDDMOD.f :: reading dust-model: aerosol.prf                                                                                         
  RDDMOD.f :: dust-model has            1  aerosol types
 Check_profile called
 Checking : discspec.sca                                                                                        
 icheck =            0
 Reading reference file from : discspec.ref                                                                                        
 CIRSRTFG_WAVE - ILBL =            0
  
  SUBPATHG.f :: iconv =           24
  SUBPATHG.f :: vmin =    1.14250004     , vmax =    4.50000000    
  SUBPATHG.f :: delv =   0.209843755     , fwhm =    0.00000000    
  SUBPATHG.f :: wing =    0.00000000     , vrel =    0.00000000    
  SUBPATHG.f :: reading spectral data from:  DISCSPEC.KLS                                                                                       
  RDMOD.f :: reading model: discspec.prf                                                                                        
 RDMOD: AMFORM =            1
  RDDMOD.f :: reading dust-model: aerosol.prf                                                                                         
  RDDMOD.f :: dust-model has            1  aerosol types
 radius layer=   74065.7031    
  LAYERG.f :: Number of dust types:            1
  LAYERG.f :: Dust type =            1
  LAYERG.f :: Total number/cm2 for path=    0.00000000    

Klist filename: discspec.kls                                                                                        
      CALLING read_klist
 klist file : discspec.kls                                                                                        
  READ_KLIST.f :: Number of k-files =            4
      read_klist COMPLETE
  
 Reading_xsec: X-section file : discspec.xsc                                                                                        
 Ncont is           1
 get_xsec: read_xsec OK
 nsec1 =           20
 NPATH =            1
  
  Waiting for CIRSradg_wave etal to complete ...
  Percent Complete =    0.00000000    
  Percent Complete =    10.0000000    
  Percent Complete =    20.0000000    
  Percent Complete =    30.0000000    
  Percent Complete =    40.0000000    
  Percent Complete =    50.0000000    
  Percent Complete =    60.0000000    
  Percent Complete =    70.0000000    
  Percent Complete =    80.0000000    
  Percent Complete =    90.0000000    
  Percent Complete =    100.000000    
 ForwardavfovX: Npath,sol_ang,emiss_ang =            1   121.261299       63.4348984    
           1  0.138197005       3.45022214E-04   4.76810383E-05   1.19202421E-04
           2  0.138197005       3.32130759E-04   4.58994764E-05   1.14748524E-04
           3  0.138197005       5.25165582E-04   7.25763093E-05   1.81440511E-04
           4  0.138197005       7.82487681E-04   1.08137450E-04   2.70343240E-04
           5  0.138197005       8.59210035E-04   1.18740252E-04   2.96850194E-04
           6  0.138197005       6.05333655E-04   8.36553008E-05   2.09137943E-04
           7  0.138197005       2.51052115E-04   3.46946508E-05   8.67365015E-05
           8  0.138197005       1.89955244E-04   2.62512458E-05   6.56280172E-05
           9  0.138197005       1.93584565E-04   2.67528067E-05   6.68819193E-05
          10  0.138197005       2.34083156E-04   3.23495915E-05   8.08738623E-05
          11  0.138197005       3.00977234E-04   4.15941504E-05   1.03985221E-04
          12  0.138197005       3.97440454E-04   5.49250799E-05   1.37312498E-04
          13  0.138197005       4.94258013E-04   6.83049802E-05   1.70762214E-04
          14  0.138197005       4.64470097E-04   6.41883744E-05   1.60470707E-04
          15  0.138197005       3.20027582E-04   4.42268538E-05   1.10566980E-04
          16  0.138197005       1.74685591E-03   2.41410249E-04   6.03524735E-04
          17  0.138197005       3.13565671E-03   4.33338369E-04   1.08334434E-03
 gsetrad, lin =            0
 NLATREF =            1
 Snapping to first latitude
 XX. ISCALE =            1           1           1           1           1           1
 XhydrostatH: JZERO =            1
 XhydrostatH: JZERO =            1
  
 IPAR =            1
 ISCALE :            0           1           1           1           1           1
 IERR  =            0
 XhydrostatH: JZERO =            1
 gsetrad -            1           1
 gsetrad - iflagcloud,iflagsrom =  F           0
 gsetrad - cbflag, iflagcb =  F           0
 AA ISCAT =            0
  RDMOD.f :: reading model: discspec.prf                                                                                        
 RDMOD: AMFORM =            1
  RDDMOD.f :: reading dust-model: aerosol.prf                                                                                         
  RDDMOD.f :: dust-model has            1  aerosol types
 Check_profile called
 Checking : discspec.sca                                                                                        
 icheck =            0
 Reading reference file from : discspec.ref                                                                                        
 CIRSRTFG_WAVE - ILBL =            0
  
  SUBPATHG.f :: iconv =           24
  SUBPATHG.f :: vmin =    1.14250004     , vmax =    4.50000000    
  SUBPATHG.f :: delv =   0.209843755     , fwhm =    0.00000000    
  SUBPATHG.f :: wing =    0.00000000     , vrel =    0.00000000    
  SUBPATHG.f :: reading spectral data from:  DISCSPEC.KLS                                                                                       
  RDMOD.f :: reading model: discspec.prf                                                                                        
 RDMOD: AMFORM =            1
  RDDMOD.f :: reading dust-model: aerosol.prf                                                                                         
  RDDMOD.f :: dust-model has            1  aerosol types
 radius layer=   74065.7031    
  LAYERG.f :: Number of dust types:            1
  LAYERG.f :: Dust type =            1
  LAYERG.f :: Total number/cm2 for path=    0.00000000    

Klist filename: discspec.kls                                                                                        
      CALLING read_klist
 klist file : discspec.kls                                                                                        
  READ_KLIST.f :: Number of k-files =            4
      read_klist COMPLETE
  
 Reading_xsec: X-section file : discspec.xsc                                                                                        
 Ncont is           1
 get_xsec: read_xsec OK
 nsec1 =           20
 NPATH =            1
  
  Waiting for CIRSradg_wave etal to complete ...
  Percent Complete =    0.00000000    
  Percent Complete =    10.0000000    
  Percent Complete =    20.0000000    
  Percent Complete =    30.0000000    
  Percent Complete =    40.0000000    
  Percent Complete =    50.0000000    
  Percent Complete =    60.0000000    
  Percent Complete =    70.0000000    
  Percent Complete =    80.0000000    
  Percent Complete =    90.0000000    
  Percent Complete =    100.000000    
 ForwardavfovX: Npath,sol_ang,emiss_ang =            1   107.902603       63.4348984    
           1  0.138197005       3.45022214E-04   4.76810383E-05   1.66883459E-04
           2  0.138197005       3.32130759E-04   4.58994764E-05   1.60647993E-04
           3  0.138197005       5.25165582E-04   7.25763093E-05   2.54016835E-04
           4  0.138197005       7.82487681E-04   1.08137450E-04   3.78480705E-04
           5  0.138197005       8.59210035E-04   1.18740252E-04   4.15590446E-04
           6  0.138197005       6.05333655E-04   8.36553008E-05   2.92793236E-04
           7  0.138197005       2.51052115E-04   3.46946508E-05   1.21431149E-04
           8  0.138197005       1.89955244E-04   2.62512458E-05   9.18792648E-05
           9  0.138197005       1.93584565E-04   2.67528067E-05   9.36347278E-05
          10  0.138197005       2.34083156E-04   3.23495915E-05   1.13223454E-04
          11  0.138197005       3.00977234E-04   4.15941504E-05   1.45579368E-04
          12  0.138197005       3.97440454E-04   5.49250799E-05   1.92237581E-04
          13  0.138197005       4.94258013E-04   6.83049802E-05   2.39067187E-04
          14  0.138197005       4.64470097E-04   6.41883744E-05   2.24659074E-04
          15  0.138197005       3.20027582E-04   4.42268538E-05   1.54793830E-04
          16  0.138197005       1.74685591E-03   2.41410249E-04   8.44934955E-04
          17  0.138197005       3.13565671E-03   4.33338369E-04   1.51668268E-03
 gsetrad, lin =            0
 NLATREF =            1
 Snapping to first latitude
 XX. ISCALE =            1           1           1           1           1           1
 XhydrostatH: JZERO =            1
 XhydrostatH: JZERO =            1
  
 IPAR =            1
 ISCALE :            0           1           1           1           1           1
 IERR  =            0
 XhydrostatH: JZERO =            1
 gsetrad -            1           1
 gsetrad - iflagcloud,iflagsrom =  F           0
 gsetrad - cbflag, iflagcb =  F           0
 AA ISCAT =            0
  RDMOD.f :: reading model: discspec.prf                                                                                        
 RDMOD: AMFORM =            1
  RDDMOD.f :: reading dust-model: aerosol.prf                                                                                         
  RDDMOD.f :: dust-model has            1  aerosol types
 Check_profile called
 Checking : discspec.sca                                                                                        
 icheck =            0
 Reading reference file from : discspec.ref                                                                                        
 CIRSRTFG_WAVE - ILBL =            0
  
  SUBPATHG.f :: iconv =           24
  SUBPATHG.f :: vmin =    1.14250004     , vmax =    4.50000000    
  SUBPATHG.f :: delv =   0.209843755     , fwhm =    0.00000000    
  SUBPATHG.f :: wing =    0.00000000     , vrel =    0.00000000    
  SUBPATHG.f :: reading spectral data from:  DISCSPEC.KLS                                                                                       
  RDMOD.f :: reading model: discspec.prf                                                                                        
 RDMOD: AMFORM =            1
  RDDMOD.f :: reading dust-model: aerosol.prf                                                                                         
  RDDMOD.f :: dust-model has            1  aerosol types
 radius layer=   74065.7031    
  LAYERG.f :: Number of dust types:            1
  LAYERG.f :: Dust type =            1
  LAYERG.f :: Total number/cm2 for path=    0.00000000    

Klist filename: discspec.kls                                                                                        
      CALLING read_klist
 klist file : discspec.kls                                                                                        
  READ_KLIST.f :: Number of k-files =            4
      read_klist COMPLETE
  
 Reading_xsec: X-section file : discspec.xsc                                                                                        
 Ncont is           1
 get_xsec: read_xsec OK
 nsec1 =           20
 NPATH =            1
  
  Waiting for CIRSradg_wave etal to complete ...
  Percent Complete =    0.00000000    
  Percent Complete =    10.0000000    
  Percent Complete =    20.0000000    
  Percent Complete =    30.0000000    
  Percent Complete =    40.0000000    
  Percent Complete =    50.0000000    
  Percent Complete =    60.0000000    
  Percent Complete =    70.0000000    
  Percent Complete =    80.0000000    
  Percent Complete =    90.0000000    
  Percent Complete =    100.000000    
 ForwardavfovX: Npath,sol_ang,emiss_ang =            1   97.8313980       63.4348984    
           1  0.138197005       3.45022214E-04   4.76810383E-05   2.14564498E-04
           2  0.138197005       3.32130759E-04   4.58994764E-05   2.06547469E-04
           3  0.138197005       5.25165582E-04   7.25763093E-05   3.26593145E-04
           4  0.138197005       7.82487681E-04   1.08137450E-04   4.86618141E-04
           5  0.138197005       8.59210035E-04   1.18740252E-04   5.34330728E-04
           6  0.138197005       6.05333655E-04   8.36553008E-05   3.76448530E-04
           7  0.138197005       2.51052115E-04   3.46946508E-05   1.56125796E-04
           8  0.138197005       1.89955244E-04   2.62512458E-05   1.18130512E-04
           9  0.138197005       1.93584565E-04   2.67528067E-05   1.20387536E-04
          10  0.138197005       2.34083156E-04   3.23495915E-05   1.45573053E-04
          11  0.138197005       3.00977234E-04   4.15941504E-05   1.87173515E-04
          12  0.138197005       3.97440454E-04   5.49250799E-05   2.47162650E-04
          13  0.138197005       4.94258013E-04   6.83049802E-05   3.07372160E-04
          14  0.138197005       4.64470097E-04   6.41883744E-05   2.88847456E-04
          15  0.138197005       3.20027582E-04   4.42268538E-05   1.99020680E-04
          16  0.138197005       1.74685591E-03   2.41410249E-04   1.08634518E-03
          17  0.138197005       3.13565671E-03   4.33338369E-04   1.95002102E-03
 gsetrad, lin =            0
 NLATREF =            1
 Snapping to first latitude
 XX. ISCALE =            1           1           1           1           1           1
 XhydrostatH: JZERO =            1
 XhydrostatH: JZERO =            1
  
 IPAR =            1
 ISCALE :            0           1           1           1           1           1
 IERR  =            0
 XhydrostatH: JZERO =            1
 gsetrad -            1           1
 gsetrad - iflagcloud,iflagsrom =  F           0
 gsetrad - cbflag, iflagcb =  F           0
 AA ISCAT =            0
  RDMOD.f :: reading model: discspec.prf                                                                                        
 RDMOD: AMFORM =            1
  RDDMOD.f :: reading dust-model: aerosol.prf                                                                                         
  RDDMOD.f :: dust-model has            1  aerosol types
 Check_profile called
 Checking : discspec.sca                                                                                        
 icheck =            0
 Reading reference file from : discspec.ref                                                                                        
 CIRSRTFG_WAVE - ILBL =            0
  
  SUBPATHG.f :: iconv =           24
  SUBPATHG.f :: vmin =    1.14250004     , vmax =    4.50000000    
  SUBPATHG.f :: delv =   0.209843755     , fwhm =    0.00000000    
  SUBPATHG.f :: wing =    0.00000000     , vrel =    0.00000000    
  SUBPATHG.f :: reading spectral data from:  DISCSPEC.KLS                                                                                       
  RDMOD.f :: reading model: discspec.prf                                                                                        
 RDMOD: AMFORM =            1
  RDDMOD.f :: reading dust-model: aerosol.prf                                                                                         
  RDDMOD.f :: dust-model has            1  aerosol types
 radius layer=   74065.7031    
  LAYERG.f :: Number of dust types:            1
  LAYERG.f :: Dust type =            1
  LAYERG.f :: Total number/cm2 for path=    0.00000000    

Klist filename: discspec.kls                                                                                        
      CALLING read_klist
 klist file : discspec.kls                                                                                        
  READ_KLIST.f :: Number of k-files =            4
      read_klist COMPLETE
  
 Reading_xsec: X-section file : discspec.xsc                                                                                        
 Ncont is           1
 get_xsec: read_xsec OK
 nsec1 =           20
 NPATH =            1
  
  Waiting for CIRSradg_wave etal to complete ...
  Percent Complete =    0.00000000    
  Percent Complete =    10.0000000    
  Percent Complete =    20.0000000    
  Percent Complete =    30.0000000    
  Percent Complete =    40.0000000    
  Percent Complete =    50.0000000    
  Percent Complete =    60.0000000    
  Percent Complete =    70.0000000    
  Percent Complete =    80.0000000    
  Percent Complete =    90.0000000    
  Percent Complete =    100.000000    
 ForwardavfovX: Npath,sol_ang,emiss_ang =            1   94.0651016       63.4348984    
           1   6.90980032E-02   3.45022214E-04   2.38403463E-05   2.38404842E-04
           2   6.90980032E-02   3.32130759E-04   2.29495727E-05   2.29497047E-04
           3   6.90980032E-02   5.25165582E-04   3.62878927E-05   3.62881052E-04
           4   6.90980032E-02   7.82487681E-04   5.40683359E-05   5.40686480E-04
           5   6.90980032E-02   8.59210035E-04   5.93696968E-05   5.93700446E-04
           6   6.90980032E-02   6.05333655E-04   4.18273485E-05   4.18275886E-04
           7   6.90980032E-02   2.51052115E-04   1.73471999E-05   1.73473003E-04
           8   6.90980032E-02   1.89955244E-04   1.31255283E-05   1.31256034E-04
           9   6.90980032E-02   1.93584565E-04   1.33763069E-05   1.33763839E-04
          10   6.90980032E-02   2.34083156E-04   1.61746793E-05   1.61747739E-04
          11   6.90980032E-02   3.00977234E-04   2.07969260E-05   2.07970443E-04
          12   6.90980032E-02   3.97440454E-04   2.74623417E-05   2.74624996E-04
          13   6.90980032E-02   4.94258013E-04   3.41522427E-05   3.41524399E-04
          14   6.90980032E-02   4.64470097E-04   3.20939580E-05   3.20941414E-04
          15   6.90980032E-02   3.20027582E-04   2.21132668E-05   2.21133945E-04
          16   6.90980032E-02   1.74685591E-03   1.20704259E-04   1.20704947E-03
          17   6.90980032E-02   3.13565671E-03   2.16667613E-04   2.16668868E-03
 gsetrad, lin =            0
 NLATREF =            1
 Snapping to first latitude
 XX. ISCALE =            1           1           1           1           1           1
 XhydrostatH: JZERO =            1
 XhydrostatH: JZERO =            1
  
 IPAR =            1
 ISCALE :            0           1           1           1           1           1
 IERR  =            0
 XhydrostatH: JZERO =            1
 gsetrad -            1           1
 gsetrad - iflagcloud,iflagsrom =  F           0
 gsetrad - cbflag, iflagcb =  F           0
 AA ISCAT =            0
  RDMOD.f :: reading model: discspec.prf                                                                                        
 RDMOD: AMFORM =            1
  RDDMOD.f :: reading dust-model: aerosol.prf                                                                                         
  RDDMOD.f :: dust-model has            1  aerosol types
 Check_profile called
 Checking : discspec.sca                                                                                        
 icheck =            0
 Reading reference file from : discspec.ref                                                                                        
 CIRSRTFG_WAVE - ILBL =            0
  
  SUBPATHG.f :: iconv =           24
  SUBPATHG.f :: vmin =    1.14250004     , vmax =    4.50000000    
  SUBPATHG.f :: delv =   0.209843755     , fwhm =    0.00000000    
  SUBPATHG.f :: wing =    0.00000000     , vrel =    0.00000000    
  SUBPATHG.f :: reading spectral data from:  DISCSPEC.KLS                                                                                       
  RDMOD.f :: reading model: discspec.prf                                                                                        
 RDMOD: AMFORM =            1
  RDDMOD.f :: reading dust-model: aerosol.prf                                                                                         
  RDDMOD.f :: dust-model has            1  aerosol types
 radius layer=   74065.7031    
  LAYERG.f :: Number of dust types:            1
  LAYERG.f :: Dust type =            1
  LAYERG.f :: Total number/cm2 for path=    0.00000000    

Klist filename: discspec.kls                                                                                        
      CALLING read_klist
 klist file : discspec.kls                                                                                        
  READ_KLIST.f :: Number of k-files =            4
      read_klist COMPLETE
  
 Reading_xsec: X-section file : discspec.xsc                                                                                        
 Ncont is           1
 get_xsec: read_xsec OK
 nsec1 =           20
 NPATH =            1
  
  Waiting for CIRSradg_wave etal to complete ...
  Percent Complete =    0.00000000    
  Percent Complete =    10.0000000    
  Percent Complete =    20.0000000    
  Percent Complete =    30.0000000    
  Percent Complete =    40.0000000    
  Percent Complete =    50.0000000    
  Percent Complete =    60.0000000    
  Percent Complete =    70.0000000    
  Percent Complete =    80.0000000    
  Percent Complete =    90.0000000    
  Percent Complete =    100.000000    
 ForwardavfovX: Npath,sol_ang,emiss_ang =            1   157.500000       0.00000000    
           1  0.309017003       5.74237085E-04   1.77449023E-04   4.15853865E-04
           2  0.309017003       5.68441290E-04   1.75658017E-04   4.05155064E-04
           3  0.309017003       8.02828406E-04   2.48087628E-04   6.10968680E-04
           4  0.309017003       1.07760215E-03   3.32997384E-04   8.73683835E-04
           5  0.309017003       1.16644404E-03   3.60451028E-04   9.54151503E-04
           6  0.309017003       9.02138359E-04   2.78776104E-04   6.97051990E-04
           7  0.309017003       3.96163290E-04   1.22421188E-04   2.95894191E-04
           8  0.309017003       2.98164261E-04   9.21378232E-05   2.23393858E-04
           9  0.309017003       2.94699654E-04   9.10672024E-05   2.24831048E-04
          10  0.309017003       3.50844290E-04   1.08416854E-04   2.70164601E-04
          11  0.309017003       4.42404242E-04   1.36710427E-04   3.44680855E-04
          12  0.309017003       5.71165350E-04   1.76499801E-04   4.51124797E-04
          13  0.309017003       7.00371165E-04   2.16426604E-04   5.57950989E-04
          14  0.309017003       6.78296026E-04   2.09605001E-04   5.30546415E-04
          15  0.309017003       4.98968118E-04   1.54189634E-04   3.75323580E-04
          16  0.309017003       1.83982146E-03   5.68536110E-04   1.77558558E-03
          17  0.309017003       3.26170097E-03   1.00792106E-03   3.17460974E-03
 Calc_gain_matrix: Inverting...
 dinvertm: Cholesky decomposition
 dinvertm.f: Matrix inversion OK
 calc_phiret: phi1,phi2 =    100558.508       0.00000000    
 Assess:
 Average of diagonal elements of Kk*Sx*Kt :    1.0000009155766509E-010
 Average of diagonal elements of Se :    1.0000009154076395E-010
 Ratio =    1.0000000001690112     
 Average of Kk*Sx*Kt/Se element ratio :    1.0000000001690115     
 iterred,kiter           1          -1
 chisq/ny is equal to :    5915.20654    
 Coreret: WARNING
 chisq/ny should be less than 1 if correctly retrieved
 Calculating final covariance matrix
 Matrix calculated
 Writeout: ispace,iform,xfac :            1           1   1.00000000    
 D           3          20   0.00000000    
 E           1
 Warning from nemesis/setup.f. Surface temperature must
 be greater than 0.0 for some parts of code that deal
 with sensitivity to surface temperature
 Angles :    139.065094       63.4348984       0.00000000    
 nf =            1
 calling gsetrad
 gsetrad, lin =            0
 NLATREF =            1
 Snapping to first latitude
 XX. ISCALE =            1           1           1           1           1           1
 XhydrostatH: JZERO =            1
 XhydrostatH: JZERO =            1
  
 IPAR =            1
 ISCALE :            0           1           1           1           1           1
 IERR  =            0
 XhydrostatH: JZERO =            1
 gsetrad -            1           1
 gsetrad - iflagcloud,iflagsrom =  F           0
 gsetrad - cbflag, iflagcb =  F           0
 AA ISCAT =            0
  RDMOD.f :: reading model: discspec.prf                                                                                        
 RDMOD: AMFORM =            1
  RDDMOD.f :: reading dust-model: aerosol.prf                                                                                         
  RDDMOD.f :: dust-model has            1  aerosol types
 Check_profile called
 Checking : discspec.sca                                                                                        
 icheck =            0
 Reading reference file from : discspec.ref                                                                                        
 gsetrad called OK
 Model run OK
 Elapsed time (s) =      3.7
